// Jest Snapshot v1, https://goo.gl/fbAQLP

exports[`latestSemverTag should attempt to get and parse tags: default 1`] = `"1.0.0"`;
