// Jest Snapshot v1, https://goo.gl/fbAQLP

exports[`preset-loader should pass unknown presets: unknown 1`] = `"lorem ipsum"`;
